  File: /home/user1
  Size: 83        	Blocks: 0          IO Block: 4096   directory
Device: 252,0	Inode: 16967069    Links: 2
Access: (0700/drwx------)  Uid: ( 1234/   user1)   Gid: ( 1234/   user1)
Context: unconfined_u:object_r:user_home_dir_t:s0
Access: 2026-09-18 19:31:48.550752737 +0300
Modify: 2026-09-19 12:03:11.614729249 +0300
Change: 2026-09-19 12:03:11.614729249 +0300
 Birth: 2026-09-18 18:43:20.469077728 +0300
  File: /home/gleb_adm/mycat
  Size: 40696     	Blocks: 80         IO Block: 4096   regular file
Device: 252,0	Inode: 17023712    Links: 1
Access: (4755/-rwsr-xr-x)  Uid: (    0/    root)   Gid: (    0/    root)
Context: unconfined_u:object_r:user_home_t:s0
Access: 2026-09-18 23:20:45.184731873 +0300
Modify: 2026-09-18 23:18:14.882348277 +0300
Change: 2026-09-18 23:19:54.851268539 +0300
 Birth: 2026-09-18 23:18:14.882348277 +0300
  File: /home/gleb_adm/mychown
  Size: 69984     	Blocks: 144        IO Block: 4096   regular file
Device: 252,0	Inode: 17023715    Links: 1
Access: (0755/-rwxr-xr-x)  Uid: ( 1000/gleb_adm)   Gid: ( 1000/gleb_adm)
Context: unconfined_u:object_r:user_home_t:s0
Access: 2026-09-18 23:56:33.930674562 +0300
Modify: 2026-09-18 23:51:24.671755400 +0300
Change: 2026-09-18 23:54:26.427471028 +0300
 Birth: 2026-09-18 23:51:24.671755400 +0300
